// Jest Snapshot v1, https://goo.gl/fbAQLP

exports[`extract-entry-map should return extracted keys 1`] = `
Object {
  "extract-entry-map-bar.tmp.json": Object {
    "category2": Object {
      "Message 3": "",
    },
    "category3": Object {
      "Message 4": "",
    },
    "category4": Object {
      "Message 5": "",
    },
  },
  "extract-entry-map-foo.tmp.json": Object {
    "category1": Object {
      "Message 1": "",
      "Message 2": "",
    },
    "category2": Object {
      "Message 3": "",
      "Message imported": "",
    },
  },
}
`;
