// Jest Snapshot v1, https://goo.gl/fbAQLP

exports[`extract-entry-map should return extracted keys 1`] = `
Array [
  Object {
    "content": "{
  \\"category2\\": {
    \\"Message 3\\": \\"\\"
  },
  \\"category3\\": {
    \\"Message 4\\": \\"\\"
  },
  \\"category4\\": {
    \\"Message 5\\": \\"\\"
  }
}",
    "name": "extract-entry-map-key-bar@en-US",
  },
  Object {
    "content": "{
  \\"category1\\": {
    \\"Message 1\\": \\"\\",
    \\"Message 2\\": \\"\\"
  },
  \\"category2\\": {
    \\"Message 3\\": \\"\\",
    \\"Message imported\\": \\"\\"
  }
}",
    "name": "extract-entry-map-key-foo@en-US",
  },
]
`;
