// Jest Snapshot v1, https://goo.gl/fbAQLP

exports[`opts-output-space-tab should return extracted keys 1`] = `
Array [
  Object {
    "content": "{
	\\"category1\\": {
		\\"Message 1\\": \\"\\",
		\\"Message 2\\": \\"\\"
	},
	\\"category2\\": {
		\\"Message 3\\": \\"\\"
	}
}
",
    "name": "opts-output-space-tab@en-US",
  },
]
`;
